Using username "ubuntu".
Authenticating with public key "sub"
Welcome to Ubuntu 22.04.2 LTS (GNU/Linux 5.15.0-1031-aws x86_64)

 * Documentation:  https://help.ubuntu.com
 * Management:     https://landscape.canonical.com
 * Support:        https://ubuntu.com/advantage

  System information as of Tue May 16 21:02:34 UTC 2023

  System load:  0.2060546875      Processes:             100
  Usage of /:   20.1% of 7.57GB   Users logged in:       0
  Memory usage: 20%               IPv4 address for eth0: 172.31.40.79
  Swap usage:   0%

Expanded Security Maintenance for Applications is not enabled.

0 updates can be applied immediately.

Enable ESM Apps to receive additional future security updates.
See https://ubuntu.com/esm or run: sudo pro status


The list of available updates is more than a week old.
To check for new updates run: sudo apt update


The programs included with the Ubuntu system are free software;
the exact distribution terms for each program are described in the
individual files in /usr/share/doc/*/copyright.

Ubuntu comes with ABSOLUTELY NO WARRANTY, to the extent permitted by
applicable law.

To run a command as administrator (user "root"), use "sudo <command>".
See "man sudo_root" for details.

ubuntu@ip-172-31-40-79:~$ sudo apt update
Hit:1 http://ap-south-1.ec2.archive.ubuntu.com/ubuntu jammy InRelease
Get:2 http://ap-south-1.ec2.archive.ubuntu.com/ubuntu jammy-updates InRelease [1                                                                                                             19 kB]
Get:3 http://security.ubuntu.com/ubuntu jammy-security InRelease [110 kB]
Get:4 http://ap-south-1.ec2.archive.ubuntu.com/ubuntu jammy-backports InRelease                                                                                                              [108 kB]
Get:5 http://ap-south-1.ec2.archive.ubuntu.com/ubuntu jammy/universe amd64 Packa                                                                                                             ges [14.1 MB]
Get:6 http://security.ubuntu.com/ubuntu jammy-security/main amd64 Packages [388                                                                                                              kB]
Get:7 http://ap-south-1.ec2.archive.ubuntu.com/ubuntu jammy/universe Translation                                                                                                             -en [5652 kB]
Get:8 http://ap-south-1.ec2.archive.ubuntu.com/ubuntu jammy/universe amd64 c-n-f                                                                                                              Metadata [286 kB]
Get:9 http://ap-south-1.ec2.archive.ubuntu.com/ubuntu jammy/multiverse amd64 Pac                                                                                                             kages [217 kB]
Get:10 http://security.ubuntu.com/ubuntu jammy-security/main Translation-en [111                                                                                                              kB]
Get:11 http://ap-south-1.ec2.archive.ubuntu.com/ubuntu jammy/multiverse Translat                                                                                                             ion-en [112 kB]
Get:12 http://ap-south-1.ec2.archive.ubuntu.com/ubuntu jammy/multiverse amd64 c-                                                                                                             n-f Metadata [8372 B]
Get:13 http://ap-south-1.ec2.archive.ubuntu.com/ubuntu jammy-updates/main amd64                                                                                                              Packages [604 kB]
Get:14 http://ap-south-1.ec2.archive.ubuntu.com/ubuntu jammy-updates/main Transl                                                                                                             ation-en [170 kB]
Get:15 http://ap-south-1.ec2.archive.ubuntu.com/ubuntu jammy-updates/main amd64                                                                                                              c-n-f Metadata [14.4 kB]
Get:16 http://ap-south-1.ec2.archive.ubuntu.com/ubuntu jammy-updates/restricted                                                                                                              amd64 Packages [271 kB]
Get:17 http://ap-south-1.ec2.archive.ubuntu.com/ubuntu jammy-updates/restricted                                                                                                              Translation-en [41.3 kB]
Get:18 http://ap-south-1.ec2.archive.ubuntu.com/ubuntu jammy-updates/restricted                                                                                                              amd64 c-n-f Metadata [604 B]
Get:19 http://security.ubuntu.com/ubuntu jammy-security/main amd64 c-n-f Metadat                                                                                                             a [9744 B]
Get:20 http://ap-south-1.ec2.archive.ubuntu.com/ubuntu jammy-updates/universe am                                                                                                             d64 Packages [886 kB]
Get:21 http://security.ubuntu.com/ubuntu jammy-security/restricted amd64 Package                                                                                                             s [270 kB]
Get:22 http://ap-south-1.ec2.archive.ubuntu.com/ubuntu jammy-updates/universe Tr                                                                                                             anslation-en [182 kB]
Get:23 http://ap-south-1.ec2.archive.ubuntu.com/ubuntu jammy-updates/universe am                                                                                                             d64 c-n-f Metadata [18.8 kB]
Get:24 http://ap-south-1.ec2.archive.ubuntu.com/ubuntu jammy-updates/multiverse                                                                                                              amd64 Packages [35.3 kB]
Get:25 http://ap-south-1.ec2.archive.ubuntu.com/ubuntu jammy-updates/multiverse                                                                                                              Translation-en [8452 B]
Get:26 http://ap-south-1.ec2.archive.ubuntu.com/ubuntu jammy-updates/multiverse                                                                                                              amd64 c-n-f Metadata [468 B]
Get:27 http://ap-south-1.ec2.archive.ubuntu.com/ubuntu jammy-backports/main amd6                                                                                                             4 Packages [40.9 kB]
Get:28 http://ap-south-1.ec2.archive.ubuntu.com/ubuntu jammy-backports/main Tran                                                                                                             slation-en [10.2 kB]
Get:29 http://ap-south-1.ec2.archive.ubuntu.com/ubuntu jammy-backports/main amd6                                                                                                             4 c-n-f Metadata [388 B]
Get:30 http://ap-south-1.ec2.archive.ubuntu.com/ubuntu jammy-backports/restricte                                                                                                             d amd64 c-n-f Metadata [116 B]
Get:31 http://ap-south-1.ec2.archive.ubuntu.com/ubuntu jammy-backports/universe                                                                                                              amd64 Packages [22.2 kB]
Get:32 http://ap-south-1.ec2.archive.ubuntu.com/ubuntu jammy-backports/universe                                                                                                              Translation-en [15.0 kB]
Get:33 http://ap-south-1.ec2.archive.ubuntu.com/ubuntu jammy-backports/universe                                                                                                              amd64 c-n-f Metadata [548 B]
Get:34 http://ap-south-1.ec2.archive.ubuntu.com/ubuntu jammy-backports/multivers                                                                                                             e amd64 c-n-f Metadata [116 B]
Get:35 http://security.ubuntu.com/ubuntu jammy-security/restricted Translation-e                                                                                                             n [41.0 kB]
Get:36 http://security.ubuntu.com/ubuntu jammy-security/restricted amd64 c-n-f M                                                                                                             etadata [604 B]
Get:37 http://security.ubuntu.com/ubuntu jammy-security/universe amd64 Packages                                                                                                              [709 kB]
Get:38 http://security.ubuntu.com/ubuntu jammy-security/universe Translation-en                                                                                                              [123 kB]
Get:39 http://security.ubuntu.com/ubuntu jammy-security/universe amd64 c-n-f Met                                                                                                             adata [14.4 kB]
Get:40 http://security.ubuntu.com/ubuntu jammy-security/multiverse amd64 Package                                                                                                             s [30.2 kB]
Get:41 http://security.ubuntu.com/ubuntu jammy-security/multiverse Translation-e                                                                                                             n [5828 B]
Get:42 http://security.ubuntu.com/ubuntu jammy-security/multiverse amd64 c-n-f M                                                                                                             etadata [252 B]
Fetched 24.7 MB in 5s (5119 kB/s)
Reading package lists... Done
Building dependency tree... Done
Reading state information... Done
45 packages can be upgraded. Run 'apt list --upgradable' to see them.
ubuntu@ip-172-31-40-79:~$ docker -v
Command 'docker' not found, but can be installed with:
sudo apt install docker.io      # version 20.10.21-0ubuntu1~22.04.3, or
sudo apt install podman-docker  # version 3.4.4+ds1-1ubuntu1
ubuntu@ip-172-31-40-79:~$ sudo apt install docker.io
Reading package lists... Done
Building dependency tree... Done
Reading state information... Done
The following additional packages will be installed:
  bridge-utils containerd dns-root-data dnsmasq-base pigz runc ubuntu-fan
Suggested packages:
  ifupdown aufs-tools cgroupfs-mount | cgroup-lite debootstrap docker-doc
  rinse zfs-fuse | zfsutils
The following NEW packages will be installed:
  bridge-utils containerd dns-root-data dnsmasq-base docker.io pigz runc
  ubuntu-fan
0 upgraded, 8 newly installed, 0 to remove and 45 not upgraded.
Need to get 72.4 MB of archives.
After this operation, 287 MB of additional disk space will be used.
Do you want to continue? [Y/n] y
Get:1 http://ap-south-1.ec2.archive.ubuntu.com/ubuntu jammy/universe amd64 pigz                                                                                                              amd64 2.6-1 [63.6 kB]
Get:2 http://ap-south-1.ec2.archive.ubuntu.com/ubuntu jammy/main amd64 bridge-ut                                                                                                             ils amd64 1.7-1ubuntu3 [34.4 kB]
Get:3 http://ap-south-1.ec2.archive.ubuntu.com/ubuntu jammy-updates/main amd64 r                                                                                                             unc amd64 1.1.4-0ubuntu1~22.04.2 [4242 kB]
Get:4 http://ap-south-1.ec2.archive.ubuntu.com/ubuntu jammy-updates/main amd64 c                                                                                                             ontainerd amd64 1.6.12-0ubuntu1~22.04.1 [34.4 MB]
Get:5 http://ap-south-1.ec2.archive.ubuntu.com/ubuntu jammy/main amd64 dns-root-                                                                                                             data all 2021011101 [5256 B]
Get:6 http://ap-south-1.ec2.archive.ubuntu.com/ubuntu jammy-updates/main amd64 d                                                                                                             nsmasq-base amd64 2.86-1.1ubuntu0.3 [354 kB]
Get:7 http://ap-south-1.ec2.archive.ubuntu.com/ubuntu jammy-updates/universe amd                                                                                                             64 docker.io amd64 20.10.21-0ubuntu1~22.04.3 [33.3 MB]
Get:8 http://ap-south-1.ec2.archive.ubuntu.com/ubuntu jammy/universe amd64 ubunt                                                                                                             u-fan all 0.12.16 [35.2 kB]
Fetched 72.4 MB in 3s (22.9 MB/s)
Preconfiguring packages ...
Selecting previously unselected package pigz.
(Reading database ... 63657 files and directories currently installed.)
Preparing to unpack .../0-pigz_2.6-1_amd64.deb ...
Unpacking pigz (2.6-1) ...
Selecting previously unselected package bridge-utils.
Preparing to unpack .../1-bridge-utils_1.7-1ubuntu3_amd64.deb ...
Unpacking bridge-utils (1.7-1ubuntu3) ...
Selecting previously unselected package runc.
Preparing to unpack .../2-runc_1.1.4-0ubuntu1~22.04.2_amd64.deb ...
Unpacking runc (1.1.4-0ubuntu1~22.04.2) ...
Selecting previously unselected package containerd.
Preparing to unpack .../3-containerd_1.6.12-0ubuntu1~22.04.1_amd64.deb ...
Unpacking containerd (1.6.12-0ubuntu1~22.04.1) ...
Selecting previously unselected package dns-root-data.
Preparing to unpack .../4-dns-root-data_2021011101_all.deb ...
Unpacking dns-root-data (2021011101) ...
Selecting previously unselected package dnsmasq-base.
Preparing to unpack .../5-dnsmasq-base_2.86-1.1ubuntu0.3_amd64.deb ...
Unpacking dnsmasq-base (2.86-1.1ubuntu0.3) ...
Selecting previously unselected package docker.io.
Preparing to unpack .../6-docker.io_20.10.21-0ubuntu1~22.04.3_amd64.deb ...
Unpacking docker.io (20.10.21-0ubuntu1~22.04.3) ...
Selecting previously unselected package ubuntu-fan.
Preparing to unpack .../7-ubuntu-fan_0.12.16_all.deb ...
Unpacking ubuntu-fan (0.12.16) ...
Setting up dnsmasq-base (2.86-1.1ubuntu0.3) ...
Setting up runc (1.1.4-0ubuntu1~22.04.2) ...
Setting up dns-root-data (2021011101) ...
Setting up bridge-utils (1.7-1ubuntu3) ...
Setting up pigz (2.6-1) ...
Setting up containerd (1.6.12-0ubuntu1~22.04.1) ...
Created symlink /etc/systemd/system/multi-user.target.wants/containerd.service →                                                                                                              /lib/systemd/system/containerd.service.
Setting up ubuntu-fan (0.12.16) ...
Created symlink /etc/systemd/system/multi-user.target.wants/ubuntu-fan.service →                                                                                                              /lib/systemd/system/ubuntu-fan.service.
Setting up docker.io (20.10.21-0ubuntu1~22.04.3) ...
Adding group `docker' (GID 122) ...
Done.
Created symlink /etc/systemd/system/multi-user.target.wants/docker.service → /li                                                                                                             b/systemd/system/docker.service.
Created symlink /etc/systemd/system/sockets.target.wants/docker.socket → /lib/sy                                                                                                             stemd/system/docker.socket.
Processing triggers for dbus (1.12.20-2ubuntu4.1) ...
Processing triggers for man-db (2.10.2-1) ...
Scanning processes...
Scanning linux images...

Running kernel seems to be up-to-date.

No services need to be restarted.

No containers need to be restarted.

No user sessions are running outdated binaries.

No VM guests are running outdated hypervisor (qemu) binaries on this host.
ubuntu@ip-172-31-40-79:~$ git --version
git version 2.34.1
ubuntu@ip-172-31-40-79:~$ sudo docker images
REPOSITORY   TAG       IMAGE ID   CREATED   SIZE
ubuntu@ip-172-31-40-79:~$ mkdir local
ubuntu@ip-172-31-40-79:~$ cd locaL
-bash: cd: locaL: No such file or directory
ubuntu@ip-172-31-40-79:~$ cd local
ubuntu@ip-172-31-40-79:~/local$ git clone https://github.com/HemantBudhe/Endmodu                                                                                                             le.git
Cloning into 'Endmodule'...
remote: Enumerating objects: 15, done.
remote: Counting objects: 100% (15/15), done.
remote: Compressing objects: 100% (10/10), done.
remote: Total 15 (delta 1), reused 11 (delta 0), pack-reused 0
Receiving objects: 100% (15/15), done.
Resolving deltas: 100% (1/1), done.
ubuntu@ip-172-31-40-79:~/local$ ls
Endmodule
ubuntu@ip-172-31-40-79:~/local$ cd Endmodule/
ubuntu@ip-172-31-40-79:~/local/Endmodule$ ls
README.md  WebApp  text.txt
ubuntu@ip-172-31-40-79:~/local/Endmodule$ cd WebApp/
ubuntu@ip-172-31-40-79:~/local/Endmodule/WebApp$ ls
Dockerfile  package.json  public  server.js
ubuntu@ip-172-31-40-79:~/local/Endmodule/WebApp$ sudo docker build -t sdm .
Sending build context to Docker daemon   7.68kB
Step 1/7 : FROM  node:18
18: Pulling from library/node
918547b94326: Pull complete
5d79063a01c5: Pull complete
4eedd9c5abf7: Pull complete
9cdadd40055f: Pull complete
b58a51cba8a5: Pull complete
5779d144b348: Pull complete
0ebc6b9148c5: Pull complete
0c858c110602: Pull complete
Digest: sha256:3f567a26b6b6d601fb2b168d4f987b50697617ead15bfc0e0152e600ac48d0fe
Status: Downloaded newer image for node:18
 ---> acb969b80f38
Step 2/7 : WORKDIR /app
 ---> Running in 30de0aa4a9fe
Removing intermediate container 30de0aa4a9fe
 ---> 3d5044d9e112
Step 3/7 : COPY  package.json /app
 ---> 1434d008a0ad
Step 4/7 : RUN npm install
 ---> Running in de05dc8d5138

added 58 packages, and audited 59 packages in 4s

8 packages are looking for funding
  run `npm fund` for details

found 0 vulnerabilities
npm notice
npm notice New minor version of npm available! 9.5.1 -> 9.6.6
npm notice Changelog: <https://github.com/npm/cli/releases/tag/v9.6.6>
npm notice Run `npm install -g npm@9.6.6` to update!
npm notice
Removing intermediate container de05dc8d5138
 ---> 7af6bf8df5a6
Step 5/7 : COPY . /app
 ---> 37d538d27119
Step 6/7 : CMD node server.js
 ---> Running in dd39751e476b
Removing intermediate container dd39751e476b
 ---> 12dc51f10799
Step 7/7 : EXPOSE 7667
 ---> Running in 8963e23417f5
Removing intermediate container 8963e23417f5
 ---> fc243e3222f0
Successfully built fc243e3222f0
Successfully tagged sdm:latest
ubuntu@ip-172-31-40-79:~/local/Endmodule/WebApp$ sudo docker run -d -p 7667:7667 sdm
91bd8f4393dcabc53ef1d377fcc3bce35bf8f5b6e7b6e46225990d4e319e3433
ubuntu@ip-172-31-40-79:~/local/Endmodule/WebApp$
